// Jest Snapshot v1, https://jestjs.io/docs/snapshot-testing

exports[`Product Page renders product page correctly 1`] = `
<DocumentFragment>
  <div>
    <div
      class="produk"
    >
      <h1
        class="produk_title"
        data-testid="title"
      >
        Daftar Produk
      </h1>
      <div
        class="produk_content"
      />
    </div>
  </div>
</DocumentFragment>
`;
